// Jest Snapshot v1, https://goo.gl/fbAQLP

exports[`header should match the snapshot with all correct data passing through 1`] = `ShallowWrapper {}`;
